// Jest Snapshot v1, https://goo.gl/fbAQLP

exports[`test ResetPassword test snapshot 1`] = `
<section
  className="reset-password"
>
  <h2>
    We will send you an email containing new password
  </h2>
  <Form(ResetPasswordForm) />
  <Link
    className="reset-password__link"
    to="/login"
  >
    Remember your password?
  </Link>
</section>
`;
